// Jest Snapshot v1, https://goo.gl/fbAQLP

exports[`uncontrolled mode matches the snapshot 1`] = `
<WithStyles(ChipInput)
  defaultValue={
    Array [
      "foo",
      "bar",
    ]
  }
>
  <ChipInput
    allowDuplicates={false}
    blurBehavior="clear"
    classes={
      Object {
        "chip": "WAMuiChipInput-chip-17",
        "chipContainer": "WAMuiChipInput-chipContainer-4",
        "disabled": "WAMuiChipInput-disabled-14",
        "error": "WAMuiChipInput-error-16",
        "filled": "WAMuiChipInput-filled-7",
        "focused": "WAMuiChipInput-focused-13",
        "helperText": "WAMuiChipInput-helperText-11",
        "inkbar": "WAMuiChipInput-inkbar-12",
        "input": "WAMuiChipInput-input-3",
        "inputRoot": "WAMuiChipInput-inputRoot-2",
        "label": "WAMuiChipInput-label-9",
        "labelShrink": "WAMuiChipInput-labelShrink-10",
        "labeled": "WAMuiChipInput-labeled-8",
        "marginDense": "WAMuiChipInput-marginDense-18",
        "outlined": "WAMuiChipInput-outlined-5",
        "root": "WAMuiChipInput-root-1",
        "standard": "WAMuiChipInput-standard-6",
        "underline": "WAMuiChipInput-underline-15",
      }
    }
    clearInputValueOnChange={false}
    defaultValue={
      Array [
        "foo",
        "bar",
      ]
    }
    delayBeforeAdd={false}
    disableUnderline={false}
    newChipKeyCodes={
      Array [
        13,
      ]
    }
    variant="standard"
  >
    <WithStyles(FormControl)
      className="WAMuiChipInput-root-1"
      onClick={[Function]}
      variant="standard"
    >
      <FormControl
        className="WAMuiChipInput-root-1"
        classes={
          Object {
            "fullWidth": "MuiFormControl-fullWidth-22",
            "marginDense": "MuiFormControl-marginDense-21",
            "marginNormal": "MuiFormControl-marginNormal-20",
            "root": "MuiFormControl-root-19",
          }
        }
        component="div"
        disabled={false}
        error={false}
        fullWidth={false}
        margin="none"
        onClick={[Function]}
        required={false}
        variant="standard"
      >
        <div
          className="MuiFormControl-root-19 WAMuiChipInput-root-1"
          onClick={[Function]}
        >
          <div
            className="WAMuiChipInput-standard-6 WAMuiChipInput-chipContainer-4 WAMuiChipInput-inkbar-12 WAMuiChipInput-underline-15"
          >
            <WithStyles(Chip)
              className="WAMuiChipInput-chip-17"
              key="0"
              label="foo"
              onClick={[Function]}
              onDelete={[Function]}
              style={
                Object {
                  "backgroundColor": undefined,
                  "pointerEvents": undefined,
                }
              }
            >
              <Chip
                className="WAMuiChipInput-chip-17"
                classes={
                  Object {
                    "avatar": "MuiChip-avatar-35",
                    "avatarChildren": "MuiChip-avatarChildren-38",
                    "avatarColorPrimary": "MuiChip-avatarColorPrimary-36",
                    "avatarColorSecondary": "MuiChip-avatarColorSecondary-37",
                    "clickable": "MuiChip-clickable-26",
                    "clickableColorPrimary": "MuiChip-clickableColorPrimary-27",
                    "clickableColorSecondary": "MuiChip-clickableColorSecondary-28",
                    "colorPrimary": "MuiChip-colorPrimary-24",
                    "colorSecondary": "MuiChip-colorSecondary-25",
                    "deletable": "MuiChip-deletable-29",
                    "deletableColorPrimary": "MuiChip-deletableColorPrimary-30",
                    "deletableColorSecondary": "MuiChip-deletableColorSecondary-31",
                    "deleteIcon": "MuiChip-deleteIcon-43",
                    "deleteIconColorPrimary": "MuiChip-deleteIconColorPrimary-44",
                    "deleteIconColorSecondary": "MuiChip-deleteIconColorSecondary-45",
                    "deleteIconOutlinedColorPrimary": "MuiChip-deleteIconOutlinedColorPrimary-46",
                    "deleteIconOutlinedColorSecondary": "MuiChip-deleteIconOutlinedColorSecondary-47",
                    "icon": "MuiChip-icon-39",
                    "iconColorPrimary": "MuiChip-iconColorPrimary-40",
                    "iconColorSecondary": "MuiChip-iconColorSecondary-41",
                    "label": "MuiChip-label-42",
                    "outlined": "MuiChip-outlined-32",
                    "outlinedPrimary": "MuiChip-outlinedPrimary-33",
                    "outlinedSecondary": "MuiChip-outlinedSecondary-34",
                    "root": "MuiChip-root-23",
                  }
                }
                color="default"
                component="div"
                label="foo"
                onClick={[Function]}
                onDelete={[Function]}
                style={
                  Object {
                    "backgroundColor": undefined,
                    "pointerEvents": undefined,
                  }
                }
                variant="default"
              >
                <div
                  className="MuiChip-root-23 MuiChip-clickable-26 MuiChip-deletable-29 WAMuiChipInput-chip-17"
                  onClick={[Function]}
                  onKeyDown={[Function]}
                  onKeyUp={[Function]}
                  role="button"
                  style={
                    Object {
                      "backgroundColor": undefined,
                      "pointerEvents": undefined,
                    }
                  }
                  tabIndex={0}
                >
                  <span
                    className="MuiChip-label-42"
                  >
                    foo
                  </span>
                  <pure(Cancel)
                    className="MuiChip-deleteIcon-43"
                    onClick={[Function]}
                  >
                    <Cancel
                      className="MuiChip-deleteIcon-43"
                      onClick={[Function]}
                    >
                      <WithStyles(SvgIcon)
                        className="MuiChip-deleteIcon-43"
                        onClick={[Function]}
                      >
                        <SvgIcon
                          className="MuiChip-deleteIcon-43"
                          classes={
                            Object {
                              "colorAction": "MuiSvgIcon-colorAction-51",
                              "colorDisabled": "MuiSvgIcon-colorDisabled-53",
                              "colorError": "MuiSvgIcon-colorError-52",
                              "colorPrimary": "MuiSvgIcon-colorPrimary-49",
                              "colorSecondary": "MuiSvgIcon-colorSecondary-50",
                              "fontSizeInherit": "MuiSvgIcon-fontSizeInherit-54",
                              "fontSizeLarge": "MuiSvgIcon-fontSizeLarge-56",
                              "fontSizeSmall": "MuiSvgIcon-fontSizeSmall-55",
                              "root": "MuiSvgIcon-root-48",
                            }
                          }
                          color="inherit"
                          component="svg"
                          fontSize="default"
                          onClick={[Function]}
                          viewBox="0 0 24 24"
                        >
                          <svg
                            aria-hidden="true"
                            className="MuiSvgIcon-root-48 MuiChip-deleteIcon-43"
                            focusable="false"
                            onClick={[Function]}
                            role="presentation"
                            viewBox="0 0 24 24"
                          >
                            <path
                              d="M12 2C6.47 2 2 6.47 2 12s4.47 10 10 10 10-4.47 10-10S17.53 2 12 2zm5 13.59L15.59 17 12 13.41 8.41 17 7 15.59 10.59 12 7 8.41 8.41 7 12 10.59 15.59 7 17 8.41 13.41 12 17 15.59z"
                            />
                          </svg>
                        </SvgIcon>
                      </WithStyles(SvgIcon)>
                    </Cancel>
                  </pure(Cancel)>
                </div>
              </Chip>
            </WithStyles(Chip)>
            <WithStyles(Chip)
              className="WAMuiChipInput-chip-17"
              key="1"
              label="bar"
              onClick={[Function]}
              onDelete={[Function]}
              style={
                Object {
                  "backgroundColor": undefined,
                  "pointerEvents": undefined,
                }
              }
            >
              <Chip
                className="WAMuiChipInput-chip-17"
                classes={
                  Object {
                    "avatar": "MuiChip-avatar-35",
                    "avatarChildren": "MuiChip-avatarChildren-38",
                    "avatarColorPrimary": "MuiChip-avatarColorPrimary-36",
                    "avatarColorSecondary": "MuiChip-avatarColorSecondary-37",
                    "clickable": "MuiChip-clickable-26",
                    "clickableColorPrimary": "MuiChip-clickableColorPrimary-27",
                    "clickableColorSecondary": "MuiChip-clickableColorSecondary-28",
                    "colorPrimary": "MuiChip-colorPrimary-24",
                    "colorSecondary": "MuiChip-colorSecondary-25",
                    "deletable": "MuiChip-deletable-29",
                    "deletableColorPrimary": "MuiChip-deletableColorPrimary-30",
                    "deletableColorSecondary": "MuiChip-deletableColorSecondary-31",
                    "deleteIcon": "MuiChip-deleteIcon-43",
                    "deleteIconColorPrimary": "MuiChip-deleteIconColorPrimary-44",
                    "deleteIconColorSecondary": "MuiChip-deleteIconColorSecondary-45",
                    "deleteIconOutlinedColorPrimary": "MuiChip-deleteIconOutlinedColorPrimary-46",
                    "deleteIconOutlinedColorSecondary": "MuiChip-deleteIconOutlinedColorSecondary-47",
                    "icon": "MuiChip-icon-39",
                    "iconColorPrimary": "MuiChip-iconColorPrimary-40",
                    "iconColorSecondary": "MuiChip-iconColorSecondary-41",
                    "label": "MuiChip-label-42",
                    "outlined": "MuiChip-outlined-32",
                    "outlinedPrimary": "MuiChip-outlinedPrimary-33",
                    "outlinedSecondary": "MuiChip-outlinedSecondary-34",
                    "root": "MuiChip-root-23",
                  }
                }
                color="default"
                component="div"
                label="bar"
                onClick={[Function]}
                onDelete={[Function]}
                style={
                  Object {
                    "backgroundColor": undefined,
                    "pointerEvents": undefined,
                  }
                }
                variant="default"
              >
                <div
                  className="MuiChip-root-23 MuiChip-clickable-26 MuiChip-deletable-29 WAMuiChipInput-chip-17"
                  onClick={[Function]}
                  onKeyDown={[Function]}
                  onKeyUp={[Function]}
                  role="button"
                  style={
                    Object {
                      "backgroundColor": undefined,
                      "pointerEvents": undefined,
                    }
                  }
                  tabIndex={0}
                >
                  <span
                    className="MuiChip-label-42"
                  >
                    bar
                  </span>
                  <pure(Cancel)
                    className="MuiChip-deleteIcon-43"
                    onClick={[Function]}
                  >
                    <Cancel
                      className="MuiChip-deleteIcon-43"
                      onClick={[Function]}
                    >
                      <WithStyles(SvgIcon)
                        className="MuiChip-deleteIcon-43"
                        onClick={[Function]}
                      >
                        <SvgIcon
                          className="MuiChip-deleteIcon-43"
                          classes={
                            Object {
                              "colorAction": "MuiSvgIcon-colorAction-51",
                              "colorDisabled": "MuiSvgIcon-colorDisabled-53",
                              "colorError": "MuiSvgIcon-colorError-52",
                              "colorPrimary": "MuiSvgIcon-colorPrimary-49",
                              "colorSecondary": "MuiSvgIcon-colorSecondary-50",
                              "fontSizeInherit": "MuiSvgIcon-fontSizeInherit-54",
                              "fontSizeLarge": "MuiSvgIcon-fontSizeLarge-56",
                              "fontSizeSmall": "MuiSvgIcon-fontSizeSmall-55",
                              "root": "MuiSvgIcon-root-48",
                            }
                          }
                          color="inherit"
                          component="svg"
                          fontSize="default"
                          onClick={[Function]}
                          viewBox="0 0 24 24"
                        >
                          <svg
                            aria-hidden="true"
                            className="MuiSvgIcon-root-48 MuiChip-deleteIcon-43"
                            focusable="false"
                            onClick={[Function]}
                            role="presentation"
                            viewBox="0 0 24 24"
                          >
                            <path
                              d="M12 2C6.47 2 2 6.47 2 12s4.47 10 10 10 10-4.47 10-10S17.53 2 12 2zm5 13.59L15.59 17 12 13.41 8.41 17 7 15.59 10.59 12 7 8.41 8.41 7 12 10.59 15.59 7 17 8.41 13.41 12 17 15.59z"
                            />
                          </svg>
                        </SvgIcon>
                      </WithStyles(SvgIcon)>
                    </Cancel>
                  </pure(Cancel)>
                </div>
              </Chip>
            </WithStyles(Chip)>
            <WithStyles(Input)
              classes={
                Object {
                  "input": "WAMuiChipInput-input-3 WAMuiChipInput-standard-6",
                  "root": "WAMuiChipInput-inputRoot-2 WAMuiChipInput-standard-6",
                }
              }
              disableUnderline={true}
              inputRef={[Function]}
              onBlur={[Function]}
              onChange={[Function]}
              onFocus={[Function]}
              onKeyDown={[Function]}
              onKeyPress={[Function]}
              onKeyUp={[Function]}
              value=""
            >
              <Input
                classes={
                  Object {
                    "disabled": "MuiInput-disabled-60",
                    "error": "MuiInput-error-62",
                    "focused": "MuiInput-focused-59",
                    "formControl": "MuiInput-formControl-58",
                    "fullWidth": "MuiInput-fullWidth-64",
                    "input": "MuiInput-input-65 WAMuiChipInput-input-3 WAMuiChipInput-standard-6",
                    "inputMarginDense": "MuiInput-inputMarginDense-66",
                    "inputMultiline": "MuiInput-inputMultiline-67",
                    "inputType": "MuiInput-inputType-68",
                    "inputTypeSearch": "MuiInput-inputTypeSearch-69",
                    "multiline": "MuiInput-multiline-63",
                    "root": "MuiInput-root-57 WAMuiChipInput-inputRoot-2 WAMuiChipInput-standard-6",
                    "underline": "MuiInput-underline-61",
                  }
                }
                disableUnderline={true}
                inputRef={[Function]}
                onBlur={[Function]}
                onChange={[Function]}
                onFocus={[Function]}
                onKeyDown={[Function]}
                onKeyPress={[Function]}
                onKeyUp={[Function]}
                value=""
              >
                <WithStyles(WithFormControlContext(InputBase))
                  classes={
                    Object {
                      "disabled": "MuiInput-disabled-60",
                      "error": "MuiInput-error-62",
                      "focused": "MuiInput-focused-59",
                      "formControl": "MuiInput-formControl-58",
                      "fullWidth": "MuiInput-fullWidth-64",
                      "input": "MuiInput-input-65 WAMuiChipInput-input-3 WAMuiChipInput-standard-6",
                      "inputMarginDense": "MuiInput-inputMarginDense-66",
                      "inputMultiline": "MuiInput-inputMultiline-67",
                      "inputType": "MuiInput-inputType-68",
                      "inputTypeSearch": "MuiInput-inputTypeSearch-69",
                      "multiline": "MuiInput-multiline-63",
                      "root": "MuiInput-root-57 WAMuiChipInput-inputRoot-2 WAMuiChipInput-standard-6",
                      "underline": null,
                    }
                  }
                  fullWidth={false}
                  inputComponent="input"
                  inputRef={[Function]}
                  multiline={false}
                  onBlur={[Function]}
                  onChange={[Function]}
                  onFocus={[Function]}
                  onKeyDown={[Function]}
                  onKeyPress={[Function]}
                  onKeyUp={[Function]}
                  type="text"
                  value=""
                >
                  <WithFormControlContext(InputBase)
                    classes={
                      Object {
                        "adornedEnd": "MuiInputBase-adornedEnd-75",
                        "adornedStart": "MuiInputBase-adornedStart-74",
                        "disabled": "MuiInputBase-disabled-73 MuiInput-disabled-60",
                        "error": "MuiInputBase-error-76 MuiInput-error-62",
                        "focused": "MuiInputBase-focused-72 MuiInput-focused-59",
                        "formControl": "MuiInputBase-formControl-71 MuiInput-formControl-58",
                        "fullWidth": "MuiInputBase-fullWidth-79 MuiInput-fullWidth-64",
                        "input": "MuiInputBase-input-80 MuiInput-input-65 WAMuiChipInput-input-3 WAMuiChipInput-standard-6",
                        "inputAdornedEnd": "MuiInputBase-inputAdornedEnd-86",
                        "inputAdornedStart": "MuiInputBase-inputAdornedStart-85",
                        "inputMarginDense": "MuiInputBase-inputMarginDense-81 MuiInput-inputMarginDense-66",
                        "inputMultiline": "MuiInputBase-inputMultiline-82 MuiInput-inputMultiline-67",
                        "inputType": "MuiInputBase-inputType-83 MuiInput-inputType-68",
                        "inputTypeSearch": "MuiInputBase-inputTypeSearch-84 MuiInput-inputTypeSearch-69",
                        "marginDense": "MuiInputBase-marginDense-77",
                        "multiline": "MuiInputBase-multiline-78 MuiInput-multiline-63",
                        "root": "MuiInputBase-root-70 MuiInput-root-57 WAMuiChipInput-inputRoot-2 WAMuiChipInput-standard-6",
                      }
                    }
                    fullWidth={false}
                    inputComponent="input"
                    inputRef={[Function]}
                    multiline={false}
                    onBlur={[Function]}
                    onChange={[Function]}
                    onFocus={[Function]}
                    onKeyDown={[Function]}
                    onKeyPress={[Function]}
                    onKeyUp={[Function]}
                    type="text"
                    value=""
                  >
                    <InputBase
                      classes={
                        Object {
                          "adornedEnd": "MuiInputBase-adornedEnd-75",
                          "adornedStart": "MuiInputBase-adornedStart-74",
                          "disabled": "MuiInputBase-disabled-73 MuiInput-disabled-60",
                          "error": "MuiInputBase-error-76 MuiInput-error-62",
                          "focused": "MuiInputBase-focused-72 MuiInput-focused-59",
                          "formControl": "MuiInputBase-formControl-71 MuiInput-formControl-58",
                          "fullWidth": "MuiInputBase-fullWidth-79 MuiInput-fullWidth-64",
                          "input": "MuiInputBase-input-80 MuiInput-input-65 WAMuiChipInput-input-3 WAMuiChipInput-standard-6",
                          "inputAdornedEnd": "MuiInputBase-inputAdornedEnd-86",
                          "inputAdornedStart": "MuiInputBase-inputAdornedStart-85",
                          "inputMarginDense": "MuiInputBase-inputMarginDense-81 MuiInput-inputMarginDense-66",
                          "inputMultiline": "MuiInputBase-inputMultiline-82 MuiInput-inputMultiline-67",
                          "inputType": "MuiInputBase-inputType-83 MuiInput-inputType-68",
                          "inputTypeSearch": "MuiInputBase-inputTypeSearch-84 MuiInput-inputTypeSearch-69",
                          "marginDense": "MuiInputBase-marginDense-77",
                          "multiline": "MuiInputBase-multiline-78 MuiInput-multiline-63",
                          "root": "MuiInputBase-root-70 MuiInput-root-57 WAMuiChipInput-inputRoot-2 WAMuiChipInput-standard-6",
                        }
                      }
                      fullWidth={false}
                      inputComponent="input"
                      inputRef={[Function]}
                      muiFormControl={
                        Object {
                          "adornedStart": false,
                          "disabled": false,
                          "error": false,
                          "filled": false,
                          "focused": false,
                          "margin": "none",
                          "onBlur": [Function],
                          "onEmpty": [Function],
                          "onFilled": [Function],
                          "onFocus": [Function],
                          "required": false,
                          "variant": "standard",
                        }
                      }
                      multiline={false}
                      onBlur={[Function]}
                      onChange={[Function]}
                      onFocus={[Function]}
                      onKeyDown={[Function]}
                      onKeyPress={[Function]}
                      onKeyUp={[Function]}
                      type="text"
                      value=""
                    >
                      <div
                        className="MuiInputBase-root-70 MuiInput-root-57 WAMuiChipInput-inputRoot-2 WAMuiChipInput-standard-6 MuiInputBase-formControl-71 MuiInput-formControl-58"
                        onClick={[Function]}
                        onKeyPress={[Function]}
                      >
                        <input
                          aria-invalid={false}
                          className="MuiInputBase-input-80 MuiInput-input-65 WAMuiChipInput-input-3 WAMuiChipInput-standard-6"
                          disabled={false}
                          onBlur={[Function]}
                          onChange={[Function]}
                          onFocus={[Function]}
                          onKeyDown={[Function]}
                          onKeyUp={[Function]}
                          required={false}
                          type="text"
                          value=""
                        />
                      </div>
                    </InputBase>
                  </WithFormControlContext(InputBase)>
                </WithStyles(WithFormControlContext(InputBase))>
              </Input>
            </WithStyles(Input)>
          </div>
        </div>
      </FormControl>
    </WithStyles(FormControl)>
  </ChipInput>
</WithStyles(ChipInput)>
`;
